[    1218ms] [INFO] %cDownload the React DevTools for a better development experience: https://reactjs.org/link/react-devtools font-weight:bold @ http://localhost:5173/node_modules/.vite/deps/chunk-EM65CKQS.js?v=49b4403c:21550
[  126769ms] [ERROR] Failed to load resource: the server responded with a status of 404 (Not Found) @ http://localhost:5173/@fs/C:/Users/Lamelo/projects/project/Kora/frontend/shared/src/state/sessionStore.ts?t=1785233776821:0
[  126771ms] [ERROR] [hmr] Failed to reload /@fs/C:/Users/Lamelo/projects/project/Kora/frontend/shared/src/modules/ai-agents/AiAgentsPage.tsx. This could be due to syntax errors or importing non-existent modules. (see errors above) @ http://localhost:5173/@vite/client:175
[  126772ms] [ERROR] [hmr] Failed to reload /@fs/C:/Users/Lamelo/projects/project/Kora/frontend/shared/src/modules/transactions/TxnDrawer.tsx. This could be due to syntax errors or importing non-existent modules. (see errors above) @ http://localhost:5173/@vite/client:175
[  126772ms] [ERROR] [hmr] Failed to reload /@fs/C:/Users/Lamelo/projects/project/Kora/frontend/shared/src/modules/collections/CollectionsPage.tsx. This could be due to syntax errors or importing non-existent modules. (see errors above) @ http://localhost:5173/@vite/client:175
[  126772ms] [ERROR] [hmr] Failed to reload /@fs/C:/Users/Lamelo/projects/project/Kora/frontend/shared/src/modules/controls-close/ControlsClose.tsx. This could be due to syntax errors or importing non-existent modules. (see errors above) @ http://localhost:5173/@vite/client:175
[  126772ms] [ERROR] [hmr] Failed to reload /@fs/C:/Users/Lamelo/projects/project/Kora/frontend/shared/src/modules/claims/ClaimsWorkspace.tsx. This could be due to syntax errors or importing non-existent modules. (see errors above) @ http://localhost:5173/@vite/client:175
[  126772ms] [ERROR] [hmr] Failed to reload /@fs/C:/Users/Lamelo/projects/project/Kora/frontend/shared/src/app/shell/UserCard.tsx. This could be due to syntax errors or importing non-existent modules. (see errors above) @ http://localhost:5173/@vite/client:175
[  126772ms] [ERROR] [hmr] Failed to reload /@fs/C:/Users/Lamelo/projects/project/Kora/frontend/shared/src/pages/RolePage.tsx. This could be due to syntax errors or importing non-existent modules. (see errors above) @ http://localhost:5173/@vite/client:175
[  126772ms] [ERROR] [hmr] Failed to reload /@fs/C:/Users/Lamelo/projects/project/Kora/frontend/shared/src/modules/data-intake/DataIntakePage.tsx. This could be due to syntax errors or importing non-existent modules. (see errors above) @ http://localhost:5173/@vite/client:175
[  126772ms] [ERROR] [hmr] Failed to reload /@fs/C:/Users/Lamelo/projects/project/Kora/frontend/shared/src/app/shell/Sidebar.tsx. This could be due to syntax errors or importing non-existent modules. (see errors above) @ http://localhost:5173/@vite/client:175
[  126773ms] [ERROR] [hmr] Failed to reload /@fs/C:/Users/Lamelo/projects/project/Kora/frontend/shared/src/modules/reconciliation-lead/FinanceLeadReconciliation.tsx. This could be due to syntax errors or importing non-existent modules. (see errors above) @ http://localhost:5173/@vite/client:175
[  126773ms] [ERROR] [hmr] Failed to reload /@fs/C:/Users/Lamelo/projects/project/Kora/frontend/shared/src/modules/action-center/ApprovalDetail.tsx. This could be due to syntax errors or importing non-existent modules. (see errors above) @ http://localhost:5173/@vite/client:175
[  126773ms] [ERROR] [hmr] Failed to reload /@fs/C:/Users/Lamelo/projects/project/Kora/frontend/shared/src/modules/home-org-admin/HomeOrgAdmin.tsx. This could be due to syntax errors or importing non-existent modules. (see errors above) @ http://localhost:5173/@vite/client:175
[  126773ms] [ERROR] [hmr] Failed to reload /@fs/C:/Users/Lamelo/projects/project/Kora/frontend/shared/src/app/shell/CopilotPanel.tsx. This could be due to syntax errors or importing non-existent modules. (see errors above) @ http://localhost:5173/@vite/client:175
[  126773ms] [ERROR] [hmr] Failed to reload /@fs/C:/Users/Lamelo/projects/project/Kora/frontend/shared/src/modules/collections-lead/CollectionsManagement.tsx. This could be due to syntax errors or importing non-existent modules. (see errors above) @ http://localhost:5173/@vite/client:175
[  126773ms] [ERROR] [hmr] Failed to reload /@fs/C:/Users/Lamelo/projects/project/Kora/frontend/shared/src/modules/account/AccountSettings.tsx. This could be due to syntax errors or importing non-existent modules. (see errors above) @ http://localhost:5173/@vite/client:175
[  126773ms] [ERROR] [hmr] Failed to reload /@fs/C:/Users/Lamelo/projects/project/Kora/frontend/shared/src/modules/collections/CollectionsOverview.tsx. This could be due to syntax errors or importing non-existent modules. (see errors above) @ http://localhost:5173/@vite/client:175
[  126773ms] [ERROR] [hmr] Failed to reload /@fs/C:/Users/Lamelo/projects/project/Kora/frontend/shared/src/modules/consent/ConsentPage.tsx. This could be due to syntax errors or importing non-existent modules. (see errors above) @ http://localhost:5173/@vite/client:175
[  126773ms] [ERROR] [hmr] Failed to reload /@fs/C:/Users/Lamelo/projects/project/Kora/frontend/shared/src/modules/home-finance-operator/HomeFinanceOperator.tsx. This could be due to syntax errors or importing non-existent modules. (see errors above) @ http://localhost:5173/@vite/client:175
[  126773ms] [ERROR] [hmr] Failed to reload /@fs/C:/Users/Lamelo/projects/project/Kora/frontend/shared/src/app/providers.tsx. This could be due to syntax errors or importing non-existent modules. (see errors above) @ http://localhost:5173/@vite/client:175
[  126773ms] [ERROR] [hmr] Failed to reload /@fs/C:/Users/Lamelo/projects/project/Kora/frontend/shared/src/modules/home-org-owner/HomeOrgOwner.tsx. This could be due to syntax errors or importing non-existent modules. (see errors above) @ http://localhost:5173/@vite/client:175
[  126773ms] [ERROR] [hmr] Failed to reload /@fs/C:/Users/Lamelo/projects/project/Kora/frontend/shared/src/app/shell/PageHeader.tsx. This could be due to syntax errors or importing non-existent modules. (see errors above) @ http://localhost:5173/@vite/client:175
[  126773ms] [ERROR] [hmr] Failed to reload /@fs/C:/Users/Lamelo/projects/project/Kora/frontend/shared/src/modules/mailbox/Mailbox.tsx. This could be due to syntax errors or importing non-existent modules. (see errors above) @ http://localhost:5173/@vite/client:175
[  126773ms] [ERROR] [hmr] Failed to reload /@fs/C:/Users/Lamelo/projects/project/Kora/frontend/shared/src/modules/claims/ClaimDetail.tsx. This could be due to syntax errors or importing non-existent modules. (see errors above) @ http://localhost:5173/@vite/client:175
[  126773ms] [ERROR] [hmr] Failed to reload /@fs/C:/Users/Lamelo/projects/project/Kora/frontend/shared/src/modules/auth/EnterpriseAuthGate.tsx. This could be due to syntax errors or importing non-existent modules. (see errors above) @ http://localhost:5173/@vite/client:175
[  126773ms] [ERROR] [hmr] Failed to reload /@fs/C:/Users/Lamelo/projects/project/Kora/frontend/shared/src/app/App.tsx. This could be due to syntax errors or importing non-existent modules. (see errors above) @ http://localhost:5173/@vite/client:175
[  126773ms] [ERROR] [hmr] Failed to reload /@fs/C:/Users/Lamelo/projects/project/Kora/frontend/shared/src/modules/mailbox/ComposeModal.tsx. This could be due to syntax errors or importing non-existent modules. (see errors above) @ http://localhost:5173/@vite/client:175
[  126773ms] [ERROR] [hmr] Failed to reload /@fs/C:/Users/Lamelo/projects/project/Kora/frontend/shared/src/modules/reports/ReportsPage.tsx. This could be due to syntax errors or importing non-existent modules. (see errors above) @ http://localhost:5173/@vite/client:175
[  126773ms] [ERROR] [hmr] Failed to reload /@fs/C:/Users/Lamelo/projects/project/Kora/frontend/shared/src/modules/reconciliation-overview/ReconciliationOverview.tsx. This could be due to syntax errors or importing non-existent modules. (see errors above) @ http://localhost:5173/@vite/client:175
[  126773ms] [ERROR] [hmr] Failed to reload /@fs/C:/Users/Lamelo/projects/project/Kora/frontend/shared/src/modules/home-finance-operator/AgentSuggestionsCard.tsx. This could be due to syntax errors or importing non-existent modules. (see errors above) @ http://localhost:5173/@vite/client:175
[  126773ms] [ERROR] [hmr] Failed to reload /@fs/C:/Users/Lamelo/projects/project/Kora/frontend/shared/src/modules/home-auditor/HomeAuditor.tsx. This could be due to syntax errors or importing non-existent modules. (see errors above) @ http://localhost:5173/@vite/client:175
[  126774ms] [ERROR] [hmr] Failed to reload /@fs/C:/Users/Lamelo/projects/project/Kora/frontend/shared/src/modules/home-super-admin/HomeSuperAdmin.tsx. This could be due to syntax errors or importing non-existent modules. (see errors above) @ http://localhost:5173/@vite/client:175
[  126774ms] [ERROR] [hmr] Failed to reload /@fs/C:/Users/Lamelo/projects/project/Kora/frontend/shared/src/modules/portal-access/PortalAccessPage.tsx. This could be due to syntax errors or importing non-existent modules. (see errors above) @ http://localhost:5173/@vite/client:175
[  126774ms] [ERROR] [hmr] Failed to reload /@fs/C:/Users/Lamelo/projects/project/Kora/frontend/shared/src/modules/relationships/RelationshipsPage.tsx. This could be due to syntax errors or importing non-existent modules. (see errors above) @ http://localhost:5173/@vite/client:175
[  126774ms] [ERROR] [hmr] Failed to reload /@fs/C:/Users/Lamelo/projects/project/Kora/frontend/shared/src/modules/payables/Payables.tsx. This could be due to syntax errors or importing non-existent modules. (see errors above) @ http://localhost:5173/@vite/client:175
[  126774ms] [ERROR] [hmr] Failed to reload /@fs/C:/Users/Lamelo/projects/project/Kora/frontend/shared/src/modules/settings/UsersRoles.tsx. This could be due to syntax errors or importing non-existent modules. (see errors above) @ http://localhost:5173/@vite/client:175
[  126774ms] [ERROR] [hmr] Failed to reload /@fs/C:/Users/Lamelo/projects/project/Kora/frontend/shared/src/modules/home-org-admin/IntegrationStatusCard.tsx. This could be due to syntax errors or importing non-existent modules. (see errors above) @ http://localhost:5173/@vite/client:175
[  126774ms] [ERROR] [hmr] Failed to reload /@fs/C:/Users/Lamelo/projects/project/Kora/frontend/shared/src/modules/settings/DoaMatrix.tsx. This could be due to syntax errors or importing non-existent modules. (see errors above) @ http://localhost:5173/@vite/client:175
[  126774ms] [ERROR] [hmr] Failed to reload /@fs/C:/Users/Lamelo/projects/project/Kora/frontend/shared/src/modules/platform/pages.tsx. This could be due to syntax errors or importing non-existent modules. (see errors above) @ http://localhost:5173/@vite/client:175
[  126774ms] [ERROR] [hmr] Failed to reload /@fs/C:/Users/Lamelo/projects/project/Kora/frontend/shared/src/modules/action-center/ActionCenter.tsx. This could be due to syntax errors or importing non-existent modules. (see errors above) @ http://localhost:5173/@vite/client:175
[  126774ms] [ERROR] [hmr] Failed to reload /@fs/C:/Users/Lamelo/projects/project/Kora/frontend/shared/src/modules/settings/pages.tsx. This could be due to syntax errors or importing non-existent modules. (see errors above) @ http://localhost:5173/@vite/client:175
[  126774ms] [ERROR] [hmr] Failed to reload /@fs/C:/Users/Lamelo/projects/project/Kora/frontend/shared/src/modules/mailbox/ConnectMail.tsx. This could be due to syntax errors or importing non-existent modules. (see errors above) @ http://localhost:5173/@vite/client:175
[  126774ms] [ERROR] [hmr] Failed to reload /@fs/C:/Users/Lamelo/projects/project/Kora/frontend/shared/src/modules/home-org-admin/FeatureMarketplaceCard.tsx. This could be due to syntax errors or importing non-existent modules. (see errors above) @ http://localhost:5173/@vite/client:175
[  126775ms] [ERROR] [hmr] Failed to reload /@fs/C:/Users/Lamelo/projects/project/Kora/frontend/shared/src/modules/owner-audit/OwnerAuditRisk.tsx. This could be due to syntax errors or importing non-existent modules. (see errors above) @ http://localhost:5173/@vite/client:175
[  126775ms] [ERROR] [hmr] Failed to reload /@fs/C:/Users/Lamelo/projects/project/Kora/frontend/shared/src/modules/audit-investigations/AuditInvestigations.tsx. This could be due to syntax errors or importing non-existent modules. (see errors above) @ http://localhost:5173/@vite/client:175
[  126775ms] [ERROR] [hmr] Failed to reload /@fs/C:/Users/Lamelo/projects/project/Kora/frontend/shared/src/modules/ledger-cashflow/LedgerCashflow.tsx. This could be due to syntax errors or importing non-existent modules. (see errors above) @ http://localhost:5173/@vite/client:175
[  126775ms] [ERROR] [hmr] Failed to reload /@fs/C:/Users/Lamelo/projects/project/Kora/frontend/shared/src/modules/general-ledger/GeneralLedger.tsx. This could be due to syntax errors or importing non-existent modules. (see errors above) @ http://localhost:5173/@vite/client:175
[  126775ms] [ERROR] [hmr] Failed to reload /@fs/C:/Users/Lamelo/projects/project/Kora/frontend/shared/src/modules/financial-statements/FinancialStatements.tsx. This could be due to syntax errors or importing non-existent modules. (see errors above) @ http://localhost:5173/@vite/client:175
[  126775ms] [ERROR] [hmr] Failed to reload /@fs/C:/Users/Lamelo/projects/project/Kora/frontend/shared/src/modules/value-roi/ValueRoiPage.tsx. This could be due to syntax errors or importing non-existent modules. (see errors above) @ http://localhost:5173/@vite/client:175
[  126775ms] [ERROR] [hmr] Failed to reload /@fs/C:/Users/Lamelo/projects/project/Kora/frontend/shared/src/modules/credit-passport-portal/CreditPassportPortal.tsx. This could be due to syntax errors or importing non-existent modules. (see errors above) @ http://localhost:5173/@vite/client:175
[  126775ms] [ERROR] [hmr] Failed to reload /@fs/C:/Users/Lamelo/projects/project/Kora/frontend/shared/src/modules/relationships-lead/ReceivablesPayables.tsx. This could be due to syntax errors or importing non-existent modules. (see errors above) @ http://localhost:5173/@vite/client:175
[  126776ms] [ERROR] [hmr] Failed to reload /@fs/C:/Users/Lamelo/projects/project/Kora/frontend/shared/src/app/shell/TopBar.tsx. This could be due to syntax errors or importing non-existent modules. (see errors above) @ http://localhost:5173/@vite/client:175
[  126776ms] [ERROR] [hmr] Failed to reload /@fs/C:/Users/Lamelo/projects/project/Kora/frontend/shared/src/modules/reconciliation-cockpit/ReconciliationCockpit.tsx. This could be due to syntax errors or importing non-existent modules. (see errors above) @ http://localhost:5173/@vite/client:175
[  126776ms] [ERROR] [hmr] Failed to reload /@fs/C:/Users/Lamelo/projects/project/Kora/frontend/shared/src/modules/contracts/ContractsPage.tsx. This could be due to syntax errors or importing non-existent modules. (see errors above) @ http://localhost:5173/@vite/client:175
[  126776ms] [ERROR] [hmr] Failed to reload /@fs/C:/Users/Lamelo/projects/project/Kora/frontend/shared/src/modules/home-finance-lead/HomeFinanceLead.tsx. This could be due to syntax errors or importing non-existent modules. (see errors above) @ http://localhost:5173/@vite/client:175
[  126823ms] [ERROR] [hmr] Failed to reload /@fs/C:/Users/Lamelo/projects/project/Kora/frontend/shared/src/routing/router.tsx. This could be due to syntax errors or importing non-existent modules. (see errors above) @ http://localhost:5173/@vite/client:175
